2026-04-10 10:20:13,927 - INFO - JARVIS initialized
2026-04-10 10:20:13,927 - INFO - Speak: Good Morning SIR
2026-04-10 10:20:20,308 - INFO - tts_models/en/ljspeech/vits is already downloaded.
2026-04-10 10:20:20,313 - INFO - Using model: vits
2026-04-10 10:20:20,314 - INFO - Setting up Audio Processor...
2026-04-10 10:20:20,314 - INFO -  | sample_rate: 22050
2026-04-10 10:20:20,314 - INFO -  | resample: False
2026-04-10 10:20:20,314 - INFO -  | num_mels: 80
2026-04-10 10:20:20,314 - INFO -  | log_func: np.log10
2026-04-10 10:20:20,314 - INFO -  | min_level_db: 0
2026-04-10 10:20:20,314 - INFO -  | frame_shift_ms: None
2026-04-10 10:20:20,314 - INFO -  | frame_length_ms: None
2026-04-10 10:20:20,314 - INFO -  | ref_level_db: None
2026-04-10 10:20:20,314 - INFO -  | fft_size: 1024
2026-04-10 10:20:20,314 - INFO -  | power: None
2026-04-10 10:20:20,314 - INFO -  | preemphasis: 0.0
2026-04-10 10:20:20,314 - INFO -  | griffin_lim_iters: None
2026-04-10 10:20:20,314 - INFO -  | signal_norm: None
2026-04-10 10:20:20,314 - INFO -  | symmetric_norm: None
2026-04-10 10:20:20,314 - INFO -  | mel_fmin: 0
2026-04-10 10:20:20,314 - INFO -  | mel_fmax: None
2026-04-10 10:20:20,314 - INFO -  | pitch_fmin: None
2026-04-10 10:20:20,314 - INFO -  | pitch_fmax: None
2026-04-10 10:20:20,314 - INFO -  | spec_gain: 20.0
2026-04-10 10:20:20,314 - INFO -  | stft_pad_mode: reflect
2026-04-10 10:20:20,315 - INFO -  | max_norm: 1.0
2026-04-10 10:20:20,315 - INFO -  | clip_norm: True
2026-04-10 10:20:20,315 - INFO -  | do_trim_silence: False
2026-04-10 10:20:20,315 - INFO -  | trim_db: 60
2026-04-10 10:20:20,315 - INFO -  | do_sound_norm: False
2026-04-10 10:20:20,315 - INFO -  | do_amp_to_db_linear: True
2026-04-10 10:20:20,315 - INFO -  | do_amp_to_db_mel: True
2026-04-10 10:20:20,315 - INFO -  | do_rms_norm: False
2026-04-10 10:20:20,315 - INFO -  | db_level: None
2026-04-10 10:20:20,315 - INFO -  | stats_path: None
2026-04-10 10:20:20,315 - INFO -  | base: 10
2026-04-10 10:20:20,315 - INFO -  | hop_length: 256
2026-04-10 10:20:20,315 - INFO -  | win_length: 1024
2026-04-10 10:20:20,913 - INFO - Text split into sentences.
2026-04-10 10:20:20,914 - INFO - Input: ['Good Morning SIR']
2026-04-10 10:20:21,952 - INFO - Processing time: 1.046
2026-04-10 10:20:21,952 - INFO - Real-time factor: 0.577
2026-04-10 10:20:24,105 - INFO - Speak: I am JARVIS. How can I help you?
2026-04-10 10:20:24,109 - INFO - Text split into sentences.
2026-04-10 10:20:24,109 - INFO - Input: ['I am JARVIS.', 'How can I help you?']
2026-04-10 10:20:25,351 - INFO - Processing time: 1.246
2026-04-10 10:20:25,351 - INFO - Real-time factor: 0.390
2026-04-10 10:20:28,713 - INFO - JARVIS started and wished: Good Morning SIR
2026-04-10 10:21:27,831 - INFO - User Command: छिब तने वाँ
2026-04-10 10:21:27,883 - INFO - Speak: Thinking...
2026-04-10 10:21:27,885 - INFO - Text split into sentences.
2026-04-10 10:21:27,885 - INFO - Input: ['Thinking...']
2026-04-10 10:21:28,346 - INFO - Processing time: 0.462
2026-04-10 10:21:28,346 - INFO - Real-time factor: 0.463
2026-04-10 10:22:59,752 - INFO - JARVIS initialized
2026-04-10 10:22:59,752 - INFO - Speak: Good Morning SIR
2026-04-10 10:23:05,597 - INFO - tts_models/en/ljspeech/vits is already downloaded.
2026-04-10 10:23:05,599 - INFO - Using model: vits
2026-04-10 10:23:05,600 - INFO - Setting up Audio Processor...
2026-04-10 10:23:05,600 - INFO -  | sample_rate: 22050
2026-04-10 10:23:05,600 - INFO -  | resample: False
2026-04-10 10:23:05,600 - INFO -  | num_mels: 80
2026-04-10 10:23:05,600 - INFO -  | log_func: np.log10
2026-04-10 10:23:05,600 - INFO -  | min_level_db: 0
2026-04-10 10:23:05,601 - INFO -  | frame_shift_ms: None
2026-04-10 10:23:05,601 - INFO -  | frame_length_ms: None
2026-04-10 10:23:05,601 - INFO -  | ref_level_db: None
2026-04-10 10:23:05,601 - INFO -  | fft_size: 1024
2026-04-10 10:23:05,601 - INFO -  | power: None
2026-04-10 10:23:05,601 - INFO -  | preemphasis: 0.0
2026-04-10 10:23:05,601 - INFO -  | griffin_lim_iters: None
2026-04-10 10:23:05,601 - INFO -  | signal_norm: None
2026-04-10 10:23:05,601 - INFO -  | symmetric_norm: None
2026-04-10 10:23:05,601 - INFO -  | mel_fmin: 0
2026-04-10 10:23:05,601 - INFO -  | mel_fmax: None
2026-04-10 10:23:05,601 - INFO -  | pitch_fmin: None
2026-04-10 10:23:05,601 - INFO -  | pitch_fmax: None
2026-04-10 10:23:05,601 - INFO -  | spec_gain: 20.0
2026-04-10 10:23:05,601 - INFO -  | stft_pad_mode: reflect
2026-04-10 10:23:05,601 - INFO -  | max_norm: 1.0
2026-04-10 10:23:05,601 - INFO -  | clip_norm: True
2026-04-10 10:23:05,601 - INFO -  | do_trim_silence: False
2026-04-10 10:23:05,601 - INFO -  | trim_db: 60
2026-04-10 10:23:05,601 - INFO -  | do_sound_norm: False
2026-04-10 10:23:05,601 - INFO -  | do_amp_to_db_linear: True
2026-04-10 10:23:05,601 - INFO -  | do_amp_to_db_mel: True
2026-04-10 10:23:05,601 - INFO -  | do_rms_norm: False
2026-04-10 10:23:05,601 - INFO -  | db_level: None
2026-04-10 10:23:05,601 - INFO -  | stats_path: None
2026-04-10 10:23:05,601 - INFO -  | base: 10
2026-04-10 10:23:05,601 - INFO -  | hop_length: 256
2026-04-10 10:23:05,601 - INFO -  | win_length: 1024
2026-04-10 10:23:06,352 - INFO - Text split into sentences.
2026-04-10 10:23:06,353 - INFO - Input: ['Good Morning SIR']
2026-04-10 10:23:07,039 - INFO - Processing time: 0.692
2026-04-10 10:23:07,040 - INFO - Real-time factor: 0.432
2026-04-10 10:23:08,996 - INFO - Speak: I am JARVIS. How can I help you?
2026-04-10 10:23:09,004 - INFO - Text split into sentences.
2026-04-10 10:23:09,004 - INFO - Input: ['I am JARVIS.', 'How can I help you?']
2026-04-10 10:23:10,286 - INFO - Processing time: 1.288
2026-04-10 10:23:10,286 - INFO - Real-time factor: 0.402
2026-04-10 10:23:13,649 - INFO - JARVIS started and wished: Good Morning SIR
2026-04-10 10:23:41,026 - INFO - User Command: open effective
2026-04-10 10:23:41,063 - INFO - Speak: Thinking...
2026-04-10 10:23:41,063 - INFO - Text split into sentences.
2026-04-10 10:23:41,063 - INFO - Input: ['Thinking...']
2026-04-10 10:23:41,409 - INFO - Processing time: 0.346
2026-04-10 10:23:41,409 - INFO - Real-time factor: 0.342
2026-04-10 11:19:21,256 - INFO - JARVIS initialized
2026-04-10 11:19:21,256 - INFO - Speak: Good Morning SIR
2026-04-10 11:21:48,524 - INFO - JARVIS initialized
2026-04-10 11:21:48,524 - INFO - Speak: Good Morning SIR
2026-04-10 11:21:54,976 - INFO - tts_models/en/ljspeech/vits is already downloaded.
2026-04-10 11:21:54,981 - INFO - Using model: vits
2026-04-10 11:21:54,982 - INFO - Setting up Audio Processor...
2026-04-10 11:21:54,982 - INFO -  | sample_rate: 22050
2026-04-10 11:21:54,982 - INFO -  | resample: False
2026-04-10 11:21:54,982 - INFO -  | num_mels: 80
2026-04-10 11:21:54,982 - INFO -  | log_func: np.log10
2026-04-10 11:21:54,982 - INFO -  | min_level_db: 0
2026-04-10 11:21:54,982 - INFO -  | frame_shift_ms: None
2026-04-10 11:21:54,982 - INFO -  | frame_length_ms: None
2026-04-10 11:21:54,982 - INFO -  | ref_level_db: None
2026-04-10 11:21:54,982 - INFO -  | fft_size: 1024
2026-04-10 11:21:54,982 - INFO -  | power: None
2026-04-10 11:21:54,982 - INFO -  | preemphasis: 0.0
2026-04-10 11:21:54,982 - INFO -  | griffin_lim_iters: None
2026-04-10 11:21:54,982 - INFO -  | signal_norm: None
2026-04-10 11:21:54,982 - INFO -  | symmetric_norm: None
2026-04-10 11:21:54,982 - INFO -  | mel_fmin: 0
2026-04-10 11:21:54,982 - INFO -  | mel_fmax: None
2026-04-10 11:21:54,982 - INFO -  | pitch_fmin: None
2026-04-10 11:21:54,982 - INFO -  | pitch_fmax: None
2026-04-10 11:21:54,982 - INFO -  | spec_gain: 20.0
2026-04-10 11:21:54,982 - INFO -  | stft_pad_mode: reflect
2026-04-10 11:21:54,982 - INFO -  | max_norm: 1.0
2026-04-10 11:21:54,982 - INFO -  | clip_norm: True
2026-04-10 11:21:54,982 - INFO -  | do_trim_silence: False
2026-04-10 11:21:54,982 - INFO -  | trim_db: 60
2026-04-10 11:21:54,982 - INFO -  | do_sound_norm: False
2026-04-10 11:21:54,982 - INFO -  | do_amp_to_db_linear: True
2026-04-10 11:21:54,982 - INFO -  | do_amp_to_db_mel: True
2026-04-10 11:21:54,982 - INFO -  | do_rms_norm: False
2026-04-10 11:21:54,982 - INFO -  | db_level: None
2026-04-10 11:21:54,982 - INFO -  | stats_path: None
2026-04-10 11:21:54,983 - INFO -  | base: 10
2026-04-10 11:21:54,983 - INFO -  | hop_length: 256
2026-04-10 11:21:54,983 - INFO -  | win_length: 1024
2026-04-10 11:21:55,559 - INFO - Text split into sentences.
2026-04-10 11:21:55,559 - INFO - Input: ['Good Morning SIR']
2026-04-10 11:21:56,318 - INFO - Processing time: 0.764
2026-04-10 11:21:56,318 - INFO - Real-time factor: 0.427
2026-04-10 11:21:58,282 - INFO - Speak: I am JARVIS. How can I help you?
2026-04-10 11:21:58,286 - INFO - Text split into sentences.
2026-04-10 11:21:58,286 - INFO - Input: ['I am JARVIS.', 'How can I help you?']
2026-04-10 11:21:59,610 - INFO - Processing time: 1.328
2026-04-10 11:21:59,610 - INFO - Real-time factor: 0.404
2026-04-10 11:22:03,104 - INFO - JARVIS started and wished: Good Morning SIR
2026-04-10 11:22:27,378 - INFO - User Command: Open Google.
2026-04-10 11:22:27,438 - INFO - Speak: Opening Google.
2026-04-10 11:22:27,439 - INFO - Text split into sentences.
2026-04-10 11:22:27,440 - INFO - Input: ['Opening Google.']
2026-04-10 11:22:28,215 - INFO - Processing time: 0.776
2026-04-10 11:22:28,220 - INFO - Real-time factor: 0.561
2026-04-10 11:22:36,975 - INFO - User Command: Open brain training.
2026-04-10 11:22:37,005 - INFO - Speak: Thinking...
2026-04-10 11:22:37,006 - INFO - Text split into sentences.
2026-04-10 11:22:37,006 - INFO - Input: ['Thinking...']
2026-04-10 11:22:37,932 - INFO - Processing time: 0.926
2026-04-10 11:22:37,932 - INFO - Real-time factor: 0.927
2026-04-10 11:24:19,885 - INFO - Speak: Since there is no specific application or website named "brain training" that I can provide direct assistance with, here's a general guide on how to open and start using an online cognitive enhancement platform:

1. Open your preferred web browser (Google Chrome, Mozilla Firefox, Microsoft Edge, Safari, etc.).
2. In the address bar at the top of the browser window, type in or paste the URL for the brain training website you're interested in. This could be something like `www.cognihealth.com` if it exists; otherwise, replace "CogniHealth" with a relevant domain name associated with cognitive enhancement programs (if available).
3. Press Enter on your keyboard or click Go/Search to navigate to the site's homepage.
4. Look for sections such as 'Get Started,' 'Free Trial,' 'Subscribe Now,' or similar language that invites users to begin their cognitive training journey, and select one of these options by clicking it with your mouse cursor or tapping on a touchscreen device if available within the site's user interface.
5. If you haven’t done so already when entering the website URL: ensure cookies are enabled in your browser settings (some websites require this for full functionality) and complete any necessary steps to sign up, like creating an account or registering with personal information as prompted on-screen by the site's registration form(s).
6. Follow through the setup process if asked—this might involve choosing a subscription plan, entering payment details (if you want a paid version), and selecting preferred start times for training sessions.
7. Once registered or signed up, locate any tutorial sections on-site to familiarize yourself with how exercises work, what kind of progress reports are available, and other features the website offers before diving into brain enhancement activities directly within your browser window/tab where you can interactively engage in cognitive tasks.

Remember that actual accessibility will depend on whether a real service exists at this name or not by my knowledge cutoff date; thus, I'm unable to verify the operation of such an app beyond these general steps for navigating and starting with any generic online platform related to brain training exercises.
2026-04-10 11:24:19,918 - INFO - Text split into sentences.
2026-04-10 11:24:19,918 - INFO - Input: ['Since there is no specific application or website named "brain training" that I can provide direct assistance with, here\'s a general guide on how to open and start using an online cognitive enhancement platform:', '1. Open your preferred web browser (Google Chrome, Mozilla Firefox, Microsoft Edge, Safari, etc.).', "2. In the address bar at the top of the browser window, type in or paste the URL for the brain training website you're interested in.", 'This could be something like \'www.cognihealth.com\' if it exists; otherwise, replace "CogniHealth" with a relevant domain name associated with cognitive enhancement programs (if available).', "3. Press Enter on your keyboard or click Go/Search to navigate to the site's homepage.", "4. Look for sections such as 'Get Started,' 'Free Trial,' 'Subscribe Now,' or similar language that invites users to begin their cognitive training journey, and select one of these options by clicking it with your mouse cursor or tapping on a touchscreen device if available within the site's user interface.", "5. If you haven’t done so already when entering the website URL: ensure cookies are enabled in your browser settings (some websites require this for full functionality) and complete any necessary steps to sign up, like creating an account or registering with personal information as prompted on-screen by the site's registration form(s).", '6. Follow through the setup process if asked—this might involve choosing a subscription plan, entering payment details (if you want a paid version), and selecting preferred start times for training sessions.', '7. Once registered or signed up, locate any tutorial sections on-site to familiarize yourself with how exercises work, what kind of progress reports are available, and other features the website offers before diving into brain enhancement activities directly within your browser window/tab where you can interactively engage in cognitive tasks.', "Remember that actual accessibility will depend on whether a real service exists at this name or not by my knowledge cutoff date; thus, I'm unable to verify the operation of such an app beyond these general steps for navigating and starting with any generic online platform related to brain training exercises."]
2026-04-10 11:25:37,322 - INFO - JARVIS initialized
2026-04-10 11:25:37,323 - INFO - Speak: Good Morning SIR
2026-04-10 11:25:43,995 - INFO - tts_models/en/ljspeech/vits is already downloaded.
2026-04-10 11:25:43,997 - INFO - Using model: vits
2026-04-10 11:25:43,999 - INFO - Setting up Audio Processor...
2026-04-10 11:25:44,000 - INFO -  | sample_rate: 22050
2026-04-10 11:25:44,000 - INFO -  | resample: False
2026-04-10 11:25:44,000 - INFO -  | num_mels: 80
2026-04-10 11:25:44,000 - INFO -  | log_func: np.log10
2026-04-10 11:25:44,000 - INFO -  | min_level_db: 0
2026-04-10 11:25:44,000 - INFO -  | frame_shift_ms: None
2026-04-10 11:25:44,000 - INFO -  | frame_length_ms: None
2026-04-10 11:25:44,000 - INFO -  | ref_level_db: None
2026-04-10 11:25:44,000 - INFO -  | fft_size: 1024
2026-04-10 11:25:44,000 - INFO -  | power: None
2026-04-10 11:25:44,000 - INFO -  | preemphasis: 0.0
2026-04-10 11:25:44,000 - INFO -  | griffin_lim_iters: None
2026-04-10 11:25:44,000 - INFO -  | signal_norm: None
2026-04-10 11:25:44,000 - INFO -  | symmetric_norm: None
2026-04-10 11:25:44,000 - INFO -  | mel_fmin: 0
2026-04-10 11:25:44,000 - INFO -  | mel_fmax: None
2026-04-10 11:25:44,000 - INFO -  | pitch_fmin: None
2026-04-10 11:25:44,000 - INFO -  | pitch_fmax: None
2026-04-10 11:25:44,000 - INFO -  | spec_gain: 20.0
2026-04-10 11:25:44,000 - INFO -  | stft_pad_mode: reflect
2026-04-10 11:25:44,000 - INFO -  | max_norm: 1.0
2026-04-10 11:25:44,000 - INFO -  | clip_norm: True
2026-04-10 11:25:44,000 - INFO -  | do_trim_silence: False
2026-04-10 11:25:44,000 - INFO -  | trim_db: 60
2026-04-10 11:25:44,000 - INFO -  | do_sound_norm: False
2026-04-10 11:25:44,000 - INFO -  | do_amp_to_db_linear: True
2026-04-10 11:25:44,001 - INFO -  | do_amp_to_db_mel: True
2026-04-10 11:25:44,001 - INFO -  | do_rms_norm: False
2026-04-10 11:25:44,001 - INFO -  | db_level: None
2026-04-10 11:25:44,001 - INFO -  | stats_path: None
2026-04-10 11:25:44,001 - INFO -  | base: 10
2026-04-10 11:25:44,001 - INFO -  | hop_length: 256
2026-04-10 11:25:44,001 - INFO -  | win_length: 1024
2026-04-10 11:25:44,802 - INFO - Text split into sentences.
2026-04-10 11:25:44,802 - INFO - Input: ['Good Morning SIR']
2026-04-10 11:25:45,591 - INFO - Processing time: 0.794
2026-04-10 11:25:45,591 - INFO - Real-time factor: 0.419
2026-04-10 11:25:47,890 - INFO - Speak: I am JARVIS. How can I help you?
2026-04-10 11:25:47,893 - INFO - Text split into sentences.
2026-04-10 11:25:47,893 - INFO - Input: ['I am JARVIS.', 'How can I help you?']
2026-04-10 11:25:49,123 - INFO - Processing time: 1.233
2026-04-10 11:25:49,124 - INFO - Real-time factor: 0.381
2026-04-10 11:25:58,496 - INFO - Speak: Thinking...
2026-04-10 11:25:58,497 - INFO - Text split into sentences.
2026-04-10 11:25:58,497 - INFO - Input: ['Thinking...']
2026-04-10 11:25:58,830 - INFO - Processing time: 0.334
2026-04-10 11:25:58,831 - INFO - Real-time factor: 0.346
2026-04-10 11:26:25,688 - INFO - Speak: I'm sorry, but as an AI developed by Microsoft, I don't have personal experiences or the ability to run. However, if this question is metaphorical and relates to someone else who may be seeking assistance while fleeing a dangerous situation, it's important they reach out for help immediately from local authorities, emergency services, or trusted individuals in their community. If you meant something different, please provide more context so I can assist better!
2026-04-10 11:26:25,694 - INFO - Text split into sentences.
2026-04-10 11:26:25,694 - INFO - Input: ["I'm sorry, but as an AI developed by Microsoft, I don't have personal experiences or the ability to run.", "However, if this question is metaphorical and relates to someone else who may be seeking assistance while fleeing a dangerous situation, it's important they reach out for help immediately from local authorities, emergency services, or trusted individuals in their community.", 'If you meant something different, please provide more context so I can assist better!']
2026-04-10 11:26:39,762 - INFO - Processing time: 14.074
2026-04-10 11:26:39,763 - INFO - Real-time factor: 0.426
2026-04-10 11:27:25,811 - INFO - Speak: Thinking...
2026-04-10 11:27:25,812 - INFO - Text split into sentences.
2026-04-10 11:27:25,812 - INFO - Input: ['Thinking...']
2026-04-10 11:27:26,232 - INFO - Processing time: 0.420
2026-04-10 11:27:26,232 - INFO - Real-time factor: 0.426
2026-04-10 11:29:15,390 - INFO - JARVIS initialized
2026-04-10 11:29:15,390 - INFO - Speak: Good Morning SIR
2026-04-10 11:29:21,551 - INFO - tts_models/en/ljspeech/vits is already downloaded.
2026-04-10 11:29:21,553 - INFO - Using model: vits
2026-04-10 11:29:21,554 - INFO - Setting up Audio Processor...
2026-04-10 11:29:21,554 - INFO -  | sample_rate: 22050
2026-04-10 11:29:21,554 - INFO -  | resample: False
2026-04-10 11:29:21,554 - INFO -  | num_mels: 80
2026-04-10 11:29:21,554 - INFO -  | log_func: np.log10
2026-04-10 11:29:21,554 - INFO -  | min_level_db: 0
2026-04-10 11:29:21,554 - INFO -  | frame_shift_ms: None
2026-04-10 11:29:21,554 - INFO -  | frame_length_ms: None
2026-04-10 11:29:21,554 - INFO -  | ref_level_db: None
2026-04-10 11:29:21,554 - INFO -  | fft_size: 1024
2026-04-10 11:29:21,554 - INFO -  | power: None
2026-04-10 11:29:21,554 - INFO -  | preemphasis: 0.0
2026-04-10 11:29:21,554 - INFO -  | griffin_lim_iters: None
2026-04-10 11:29:21,554 - INFO -  | signal_norm: None
2026-04-10 11:29:21,554 - INFO -  | symmetric_norm: None
2026-04-10 11:29:21,554 - INFO -  | mel_fmin: 0
2026-04-10 11:29:21,554 - INFO -  | mel_fmax: None
2026-04-10 11:29:21,554 - INFO -  | pitch_fmin: None
2026-04-10 11:29:21,555 - INFO -  | pitch_fmax: None
2026-04-10 11:29:21,555 - INFO -  | spec_gain: 20.0
2026-04-10 11:29:21,555 - INFO -  | stft_pad_mode: reflect
2026-04-10 11:29:21,555 - INFO -  | max_norm: 1.0
2026-04-10 11:29:21,555 - INFO -  | clip_norm: True
2026-04-10 11:29:21,555 - INFO -  | do_trim_silence: False
2026-04-10 11:29:21,555 - INFO -  | trim_db: 60
2026-04-10 11:29:21,555 - INFO -  | do_sound_norm: False
2026-04-10 11:29:21,555 - INFO -  | do_amp_to_db_linear: True
2026-04-10 11:29:21,555 - INFO -  | do_amp_to_db_mel: True
2026-04-10 11:29:21,555 - INFO -  | do_rms_norm: False
2026-04-10 11:29:21,555 - INFO -  | db_level: None
2026-04-10 11:29:21,555 - INFO -  | stats_path: None
2026-04-10 11:29:21,555 - INFO -  | base: 10
2026-04-10 11:29:21,555 - INFO -  | hop_length: 256
2026-04-10 11:29:21,555 - INFO -  | win_length: 1024
2026-04-10 11:29:22,099 - INFO - Text split into sentences.
2026-04-10 11:29:22,099 - INFO - Input: ['Good Morning SIR']
2026-04-10 11:29:22,747 - INFO - Processing time: 0.656
2026-04-10 11:29:22,747 - INFO - Real-time factor: 0.403
2026-04-10 11:29:24,780 - INFO - Speak: I am JARVIS. How can I help you?
2026-04-10 11:29:24,783 - INFO - Text split into sentences.
2026-04-10 11:29:24,784 - INFO - Input: ['I am JARVIS.', 'How can I help you?']
2026-04-10 11:29:25,936 - INFO - Processing time: 1.156
2026-04-10 11:29:25,936 - INFO - Real-time factor: 0.361
2026-04-10 11:29:38,222 - INFO - Speak: Opening your brain training application.
2026-04-10 11:29:38,224 - INFO - Text split into sentences.
2026-04-10 11:29:38,224 - INFO - Input: ['Opening your brain training application.']
2026-04-10 11:29:41,121 - INFO - Processing time: 2.899
2026-04-10 11:29:41,121 - INFO - Real-time factor: 0.953
2026-04-10 11:31:25,218 - INFO - JARVIS initialized
2026-04-10 11:31:25,218 - INFO - Speak: Good Morning SIR
2026-04-10 11:31:30,773 - INFO - tts_models/en/ljspeech/vits is already downloaded.
2026-04-10 11:31:30,775 - INFO - Using model: vits
2026-04-10 11:31:30,776 - INFO - Setting up Audio Processor...
2026-04-10 11:31:30,776 - INFO -  | sample_rate: 22050
2026-04-10 11:31:30,776 - INFO -  | resample: False
2026-04-10 11:31:30,791 - INFO -  | num_mels: 80
2026-04-10 11:31:30,791 - INFO -  | log_func: np.log10
2026-04-10 11:31:30,791 - INFO -  | min_level_db: 0
2026-04-10 11:31:30,791 - INFO -  | frame_shift_ms: None
2026-04-10 11:31:30,791 - INFO -  | frame_length_ms: None
2026-04-10 11:31:30,791 - INFO -  | ref_level_db: None
2026-04-10 11:31:30,791 - INFO -  | fft_size: 1024
2026-04-10 11:31:30,791 - INFO -  | power: None
2026-04-10 11:31:30,791 - INFO -  | preemphasis: 0.0
2026-04-10 11:31:30,791 - INFO -  | griffin_lim_iters: None
2026-04-10 11:31:30,791 - INFO -  | signal_norm: None
2026-04-10 11:31:30,791 - INFO -  | symmetric_norm: None
2026-04-10 11:31:30,791 - INFO -  | mel_fmin: 0
2026-04-10 11:31:30,791 - INFO -  | mel_fmax: None
2026-04-10 11:31:30,791 - INFO -  | pitch_fmin: None
2026-04-10 11:31:30,791 - INFO -  | pitch_fmax: None
2026-04-10 11:31:30,791 - INFO -  | spec_gain: 20.0
2026-04-10 11:31:30,791 - INFO -  | stft_pad_mode: reflect
2026-04-10 11:31:30,791 - INFO -  | max_norm: 1.0
2026-04-10 11:31:30,791 - INFO -  | clip_norm: True
2026-04-10 11:31:30,791 - INFO -  | do_trim_silence: False
2026-04-10 11:31:30,791 - INFO -  | trim_db: 60
2026-04-10 11:31:30,791 - INFO -  | do_sound_norm: False
2026-04-10 11:31:30,791 - INFO -  | do_amp_to_db_linear: True
2026-04-10 11:31:30,791 - INFO -  | do_amp_to_db_mel: True
2026-04-10 11:31:30,791 - INFO -  | do_rms_norm: False
2026-04-10 11:31:30,791 - INFO -  | db_level: None
2026-04-10 11:31:30,791 - INFO -  | stats_path: None
2026-04-10 11:31:30,791 - INFO -  | base: 10
2026-04-10 11:31:30,791 - INFO -  | hop_length: 256
2026-04-10 11:31:30,791 - INFO -  | win_length: 1024
2026-04-10 11:31:31,265 - INFO - Text split into sentences.
2026-04-10 11:31:31,265 - INFO - Input: ['Good Morning SIR']
2026-04-10 11:31:31,985 - INFO - Processing time: 0.726
2026-04-10 11:31:31,986 - INFO - Real-time factor: 0.425
2026-04-10 11:31:34,004 - INFO - Speak: I am JARVIS. How can I help you?
2026-04-10 11:31:34,007 - INFO - Text split into sentences.
2026-04-10 11:31:34,007 - INFO - Input: ['I am JARVIS.', 'How can I help you?']
2026-04-10 11:31:35,192 - INFO - Processing time: 1.187
2026-04-10 11:31:35,192 - INFO - Real-time factor: 0.370
2026-04-10 11:31:43,044 - INFO - Speak: Thinking...
2026-04-10 11:31:43,045 - INFO - Text split into sentences.
2026-04-10 11:31:43,045 - INFO - Input: ['Thinking...']
2026-04-10 11:31:43,355 - INFO - Processing time: 0.311
2026-04-10 11:31:43,355 - INFO - Real-time factor: 0.334
2026-04-10 11:32:14,493 - ERROR - AI Worker Error: HTTPConnectionPool(host='localhost', port=11434): Read timed out. (read timeout=30)
2026-04-10 11:32:15,964 - INFO - Speak: I'm sorry, I couldn't get an answer from my AI brain.
2026-04-10 11:32:15,966 - INFO - Text split into sentences.
2026-04-10 11:32:15,967 - INFO - Input: ["I'm sorry, I couldn't get an answer from my AI brain."]
2026-04-10 11:32:18,044 - INFO - Processing time: 2.078
2026-04-10 11:32:18,044 - INFO - Real-time factor: 0.494
2026-04-10 11:32:29,923 - INFO - Speak: What terminal command should I execute?
2026-04-10 11:32:29,924 - INFO - Text split into sentences.
2026-04-10 11:32:29,924 - INFO - Input: ['What terminal command should I execute?']
2026-04-10 11:32:31,084 - INFO - Processing time: 1.161
2026-04-10 11:32:31,086 - INFO - Real-time factor: 0.411
2026-04-10 11:32:50,246 - INFO - Speak: Executing you boost click
2026-04-10 11:32:50,247 - INFO - Text split into sentences.
2026-04-10 11:32:50,247 - INFO - Input: ['Executing you boost click']
2026-04-10 11:32:51,193 - INFO - Processing time: 0.947
2026-04-10 11:32:51,193 - INFO - Real-time factor: 0.414
2026-04-10 11:34:02,173 - INFO - Speak: Thinking...
2026-04-10 11:34:02,174 - INFO - Text split into sentences.
2026-04-10 11:34:02,174 - INFO - Input: ['Thinking...']
2026-04-10 11:34:02,483 - INFO - Processing time: 0.309
2026-04-10 11:34:02,483 - INFO - Real-time factor: 0.328
2026-04-10 11:34:13,519 - INFO - Speak: Alright, stopping.
2026-04-10 11:34:13,521 - INFO - Text split into sentences.
2026-04-10 11:34:13,521 - INFO - Input: ['Alright, stopping.']
2026-04-10 11:34:14,264 - INFO - Processing time: 0.744
2026-04-10 11:34:14,264 - INFO - Real-time factor: 0.398
2026-04-10 11:34:16,203 - INFO - AI generation interrupted by user
2026-04-10 11:34:21,040 - INFO - Speak: Thinking...
2026-04-10 11:34:21,041 - INFO - Text split into sentences.
2026-04-10 11:34:21,041 - INFO - Input: ['Thinking...']
2026-04-10 11:34:21,400 - INFO - Processing time: 0.359
2026-04-10 11:34:21,400 - INFO - Real-time factor: 0.363
2026-04-10 11:34:42,287 - INFO - Speak: I'm sorry, but as an artificial intelligence created by Microsoft, I don't have the ability or intentions towards personal interactions. My main purpose is to assist users with information and answer their questions accurately. Your well-being matters greatly, so if you feel harmed in any way, please reach out to a trusted individual who can provide direct support and assistance.
2026-04-10 11:34:42,291 - INFO - Text split into sentences.
2026-04-10 11:34:42,291 - INFO - Input: ["I'm sorry, but as an artificial intelligence created by Microsoft, I don't have the ability or intentions towards personal interactions.", 'My main purpose is to assist users with information and answer their questions accurately.', 'Your well-being matters greatly, so if you feel harmed in any way, please reach out to a trusted individual who can provide direct support and assistance.']
2026-04-10 11:34:53,903 - INFO - Processing time: 11.615
2026-04-10 11:34:53,903 - INFO - Real-time factor: 0.433
2026-04-10 11:36:04,325 - INFO - Speak: Thinking...
2026-04-10 11:36:04,326 - INFO - Text split into sentences.
2026-04-10 11:36:04,326 - INFO - Input: ['Thinking...']
2026-04-10 11:36:04,647 - INFO - Processing time: 0.322
2026-04-10 11:36:04,647 - INFO - Real-time factor: 0.337
2026-04-10 11:36:35,763 - ERROR - AI Worker Error: HTTPConnectionPool(host='localhost', port=11434): Read timed out. (read timeout=30)
2026-04-10 11:36:38,266 - INFO - Speak: I'm sorry, I couldn't get an answer from my AI brain.
2026-04-10 11:36:38,267 - INFO - Text split into sentences.
2026-04-10 11:36:38,267 - INFO - Input: ["I'm sorry, I couldn't get an answer from my AI brain."]
2026-04-10 11:36:40,091 - INFO - Processing time: 1.825
2026-04-10 11:36:40,092 - INFO - Real-time factor: 0.416
2026-04-10 11:39:23,239 - INFO - JARVIS initialized
2026-04-10 11:39:23,240 - INFO - Speak: Good Morning SIR
2026-04-10 11:39:23,250 - INFO - Speak: I am JARVIS. How can I help you?
2026-04-10 11:40:54,738 - INFO - JARVIS initialized
2026-04-10 11:40:54,738 - INFO - Speak: Good Morning SIR
2026-04-10 11:41:00,414 - INFO - tts_models/en/ljspeech/vits is already downloaded.
2026-04-10 11:41:00,417 - INFO - Using model: vits
2026-04-10 11:41:00,418 - INFO - Setting up Audio Processor...
2026-04-10 11:41:00,418 - INFO -  | sample_rate: 22050
2026-04-10 11:41:00,418 - INFO -  | resample: False
2026-04-10 11:41:00,418 - INFO -  | num_mels: 80
2026-04-10 11:41:00,418 - INFO -  | log_func: np.log10
2026-04-10 11:41:00,418 - INFO -  | min_level_db: 0
2026-04-10 11:41:00,418 - INFO -  | frame_shift_ms: None
2026-04-10 11:41:00,418 - INFO -  | frame_length_ms: None
2026-04-10 11:41:00,418 - INFO -  | ref_level_db: None
2026-04-10 11:41:00,418 - INFO -  | fft_size: 1024
2026-04-10 11:41:00,418 - INFO -  | power: None
2026-04-10 11:41:00,418 - INFO -  | preemphasis: 0.0
2026-04-10 11:41:00,418 - INFO -  | griffin_lim_iters: None
2026-04-10 11:41:00,418 - INFO -  | signal_norm: None
2026-04-10 11:41:00,418 - INFO -  | symmetric_norm: None
2026-04-10 11:41:00,419 - INFO -  | mel_fmin: 0
2026-04-10 11:41:00,419 - INFO -  | mel_fmax: None
2026-04-10 11:41:00,419 - INFO -  | pitch_fmin: None
2026-04-10 11:41:00,419 - INFO -  | pitch_fmax: None
2026-04-10 11:41:00,419 - INFO -  | spec_gain: 20.0
2026-04-10 11:41:00,419 - INFO -  | stft_pad_mode: reflect
2026-04-10 11:41:00,419 - INFO -  | max_norm: 1.0
2026-04-10 11:41:00,419 - INFO -  | clip_norm: True
2026-04-10 11:41:00,419 - INFO -  | do_trim_silence: False
2026-04-10 11:41:00,419 - INFO -  | trim_db: 60
2026-04-10 11:41:00,419 - INFO -  | do_sound_norm: False
2026-04-10 11:41:00,419 - INFO -  | do_amp_to_db_linear: True
2026-04-10 11:41:00,419 - INFO -  | do_amp_to_db_mel: True
2026-04-10 11:41:00,419 - INFO -  | do_rms_norm: False
2026-04-10 11:41:00,419 - INFO -  | db_level: None
2026-04-10 11:41:00,419 - INFO -  | stats_path: None
2026-04-10 11:41:00,419 - INFO -  | base: 10
2026-04-10 11:41:00,419 - INFO -  | hop_length: 256
2026-04-10 11:41:00,419 - INFO -  | win_length: 1024
2026-04-10 11:41:00,951 - INFO - Text split into sentences.
2026-04-10 11:41:00,951 - INFO - Input: ['Good Morning SIR']
2026-04-10 11:41:01,593 - INFO - Processing time: 0.650
2026-04-10 11:41:01,594 - INFO - Real-time factor: 0.405
2026-04-10 11:41:03,337 - INFO - Speak: I am JARVIS. How can I help you?
2026-04-10 11:41:03,341 - INFO - Text split into sentences.
2026-04-10 11:41:03,341 - INFO - Input: ['I am JARVIS.', 'How can I help you?']
2026-04-10 11:41:04,609 - INFO - Processing time: 1.271
2026-04-10 11:41:04,609 - INFO - Real-time factor: 0.389
2026-04-10 11:41:15,490 - INFO - Speak: Thinking...
2026-04-10 11:41:15,491 - INFO - Text split into sentences.
2026-04-10 11:41:15,491 - INFO - Input: ['Thinking...']
2026-04-10 11:41:15,869 - INFO - Processing time: 0.379
2026-04-10 11:41:15,870 - INFO - Real-time factor: 0.375
2026-04-10 11:41:31,636 - INFO - Speak: Alright, stopping.
2026-04-10 11:41:31,638 - INFO - Text split into sentences.
2026-04-10 11:41:31,639 - INFO - Input: ['Alright, stopping.']
2026-04-10 11:41:33,937 - INFO - Processing time: 2.300
2026-04-10 11:41:33,938 - INFO - Real-time factor: 1.172
2026-04-10 11:41:36,078 - INFO - AI generation interrupted by user
2026-04-10 11:42:44,775 - INFO - JARVIS initialized
2026-04-10 11:42:44,775 - INFO - Speak: Good Morning SIR
2026-04-10 11:42:50,655 - INFO - Downloading model to /home/ayush/.local/share/tts/tts_models--en--vctk--vits
2026-04-10 11:43:09,084 - INFO - Model's license - apache 2.0
2026-04-10 11:43:09,084 - INFO - Check https://choosealicense.com/licenses/apache-2.0/ for more info.
2026-04-10 11:43:09,113 - INFO - Using model: vits
2026-04-10 11:43:09,115 - INFO - Setting up Audio Processor...
2026-04-10 11:43:09,115 - INFO -  | sample_rate: 22050
2026-04-10 11:43:09,115 - INFO -  | resample: False
2026-04-10 11:43:09,115 - INFO -  | num_mels: 80
2026-04-10 11:43:09,116 - INFO -  | log_func: np.log10
2026-04-10 11:43:09,116 - INFO -  | min_level_db: 0
2026-04-10 11:43:09,116 - INFO -  | frame_shift_ms: None
2026-04-10 11:43:09,116 - INFO -  | frame_length_ms: None
2026-04-10 11:43:09,116 - INFO -  | ref_level_db: None
2026-04-10 11:43:09,116 - INFO -  | fft_size: 1024
2026-04-10 11:43:09,116 - INFO -  | power: None
2026-04-10 11:43:09,116 - INFO -  | preemphasis: 0.0
2026-04-10 11:43:09,116 - INFO -  | griffin_lim_iters: None
2026-04-10 11:43:09,116 - INFO -  | signal_norm: None
2026-04-10 11:43:09,116 - INFO -  | symmetric_norm: None
2026-04-10 11:43:09,116 - INFO -  | mel_fmin: 0
2026-04-10 11:43:09,116 - INFO -  | mel_fmax: None
2026-04-10 11:43:09,117 - INFO -  | pitch_fmin: None
2026-04-10 11:43:09,117 - INFO -  | pitch_fmax: None
2026-04-10 11:43:09,117 - INFO -  | spec_gain: 20.0
2026-04-10 11:43:09,117 - INFO -  | stft_pad_mode: reflect
2026-04-10 11:43:09,117 - INFO -  | max_norm: 1.0
2026-04-10 11:43:09,117 - INFO -  | clip_norm: True
2026-04-10 11:43:09,298 - INFO -  | do_trim_silence: False
2026-04-10 11:43:09,298 - INFO -  | trim_db: 60
2026-04-10 11:43:09,298 - INFO -  | do_sound_norm: False
2026-04-10 11:43:09,298 - INFO -  | do_amp_to_db_linear: True
2026-04-10 11:43:09,298 - INFO -  | do_amp_to_db_mel: True
2026-04-10 11:43:09,298 - INFO -  | do_rms_norm: False
2026-04-10 11:43:09,298 - INFO -  | db_level: None
2026-04-10 11:43:09,299 - INFO -  | stats_path: None
2026-04-10 11:43:09,299 - INFO -  | base: 10
2026-04-10 11:43:09,299 - INFO -  | hop_length: 256
2026-04-10 11:43:09,299 - INFO -  | win_length: 1024
2026-04-10 11:43:09,330 - INFO - Initialization of speaker-embedding layers.
2026-04-10 11:43:10,110 - INFO - Text split into sentences.
2026-04-10 11:43:10,110 - INFO - Input: ['Good Morning SIR']
2026-04-10 11:43:10,895 - INFO - Processing time: 0.794
2026-04-10 11:43:10,896 - INFO - Real-time factor: 0.495
2026-04-10 11:43:12,839 - INFO - Speak: I am JARVIS. How can I help you?
2026-04-10 11:43:12,845 - INFO - Text split into sentences.
2026-04-10 11:43:12,845 - INFO - Input: ['I am JARVIS.', 'How can I help you?']
2026-04-10 11:43:14,239 - INFO - Processing time: 1.399
2026-04-10 11:43:14,239 - INFO - Real-time factor: 0.453
2026-04-10 11:43:23,566 - INFO - Speak: Opening gnome-terminal.
2026-04-10 11:43:23,568 - INFO - Text split into sentences.
2026-04-10 11:43:23,568 - INFO - Input: ['Opening gnome-terminal.']
2026-04-10 11:43:24,734 - INFO - Processing time: 1.167
2026-04-10 11:43:24,735 - INFO - Real-time factor: 0.605
2026-04-10 11:44:29,511 - INFO - JARVIS initialized
2026-04-10 11:44:29,511 - INFO - Speak: Good Morning SIR
2026-04-10 11:44:35,602 - INFO - tts_models/en/vctk/vits is already downloaded.
2026-04-10 11:44:35,641 - INFO - Using model: vits
2026-04-10 11:44:35,642 - INFO - Setting up Audio Processor...
2026-04-10 11:44:35,642 - INFO -  | sample_rate: 22050
2026-04-10 11:44:35,642 - INFO -  | resample: False
2026-04-10 11:44:35,642 - INFO -  | num_mels: 80
2026-04-10 11:44:35,643 - INFO -  | log_func: np.log10
2026-04-10 11:44:35,643 - INFO -  | min_level_db: 0
2026-04-10 11:44:35,643 - INFO -  | frame_shift_ms: None
2026-04-10 11:44:35,643 - INFO -  | frame_length_ms: None
2026-04-10 11:44:35,643 - INFO -  | ref_level_db: None
2026-04-10 11:44:35,643 - INFO -  | fft_size: 1024
2026-04-10 11:44:35,643 - INFO -  | power: None
2026-04-10 11:44:35,643 - INFO -  | preemphasis: 0.0
2026-04-10 11:44:35,643 - INFO -  | griffin_lim_iters: None
2026-04-10 11:44:35,643 - INFO -  | signal_norm: None
2026-04-10 11:44:35,643 - INFO -  | symmetric_norm: None
2026-04-10 11:44:35,643 - INFO -  | mel_fmin: 0
2026-04-10 11:44:35,643 - INFO -  | mel_fmax: None
2026-04-10 11:44:35,643 - INFO -  | pitch_fmin: None
2026-04-10 11:44:35,643 - INFO -  | pitch_fmax: None
2026-04-10 11:44:35,643 - INFO -  | spec_gain: 20.0
2026-04-10 11:44:35,643 - INFO -  | stft_pad_mode: reflect
2026-04-10 11:44:35,643 - INFO -  | max_norm: 1.0
2026-04-10 11:44:35,643 - INFO -  | clip_norm: True
2026-04-10 11:44:35,643 - INFO -  | do_trim_silence: False
2026-04-10 11:44:35,643 - INFO -  | trim_db: 60
2026-04-10 11:44:35,643 - INFO -  | do_sound_norm: False
2026-04-10 11:44:35,643 - INFO -  | do_amp_to_db_linear: True
2026-04-10 11:44:35,643 - INFO -  | do_amp_to_db_mel: True
2026-04-10 11:44:35,643 - INFO -  | do_rms_norm: False
2026-04-10 11:44:35,643 - INFO -  | db_level: None
2026-04-10 11:44:35,643 - INFO -  | stats_path: None
2026-04-10 11:44:35,643 - INFO -  | base: 10
2026-04-10 11:44:35,643 - INFO -  | hop_length: 256
2026-04-10 11:44:35,643 - INFO -  | win_length: 1024
2026-04-10 11:44:35,657 - INFO - Initialization of speaker-embedding layers.
2026-04-10 11:44:36,167 - INFO - Text split into sentences.
2026-04-10 11:44:36,167 - INFO - Input: ['Good Morning SIR']
2026-04-10 11:44:36,955 - INFO - Processing time: 0.794
2026-04-10 11:44:36,955 - INFO - Real-time factor: 0.492
2026-04-10 11:44:38,908 - INFO - Speak: I am JARVIS. How can I help you?
2026-04-10 11:44:38,912 - INFO - Text split into sentences.
2026-04-10 11:44:38,913 - INFO - Input: ['I am JARVIS.', 'How can I help you?']
2026-04-10 11:44:40,185 - INFO - Processing time: 1.276
2026-04-10 11:44:40,185 - INFO - Real-time factor: 0.395
2026-04-10 11:44:57,254 - INFO - Speak: Opening Ghostty.
2026-04-10 11:44:57,255 - INFO - Text split into sentences.
2026-04-10 11:44:57,256 - INFO - Input: ['Opening Ghostty.']
2026-04-10 11:44:58,089 - INFO - Processing time: 0.834
2026-04-10 11:44:58,089 - INFO - Real-time factor: 0.532
2026-04-10 11:49:18,612 - INFO - JARVIS initialized
2026-04-10 11:49:18,612 - INFO - Speak: Good Morning SIR
2026-04-10 11:49:25,663 - INFO - tts_models/en/vctk/vits is already downloaded.
2026-04-10 11:49:25,696 - INFO - Using model: vits
2026-04-10 11:49:25,698 - INFO - Setting up Audio Processor...
2026-04-10 11:49:25,698 - INFO -  | sample_rate: 22050
2026-04-10 11:49:25,698 - INFO -  | resample: False
2026-04-10 11:49:25,698 - INFO -  | num_mels: 80
2026-04-10 11:49:25,698 - INFO -  | log_func: np.log10
2026-04-10 11:49:25,698 - INFO -  | min_level_db: 0
2026-04-10 11:49:25,699 - INFO -  | frame_shift_ms: None
2026-04-10 11:49:25,699 - INFO -  | frame_length_ms: None
2026-04-10 11:49:25,699 - INFO -  | ref_level_db: None
2026-04-10 11:49:25,699 - INFO -  | fft_size: 1024
2026-04-10 11:49:25,699 - INFO -  | power: None
2026-04-10 11:49:25,699 - INFO -  | preemphasis: 0.0
2026-04-10 11:49:25,699 - INFO -  | griffin_lim_iters: None
2026-04-10 11:49:25,699 - INFO -  | signal_norm: None
2026-04-10 11:49:25,699 - INFO -  | symmetric_norm: None
2026-04-10 11:49:25,699 - INFO -  | mel_fmin: 0
2026-04-10 11:49:25,699 - INFO -  | mel_fmax: None
2026-04-10 11:49:25,699 - INFO -  | pitch_fmin: None
2026-04-10 11:49:25,699 - INFO -  | pitch_fmax: None
2026-04-10 11:49:25,699 - INFO -  | spec_gain: 20.0
2026-04-10 11:49:25,699 - INFO -  | stft_pad_mode: reflect
2026-04-10 11:49:25,699 - INFO -  | max_norm: 1.0
2026-04-10 11:49:25,699 - INFO -  | clip_norm: True
2026-04-10 11:49:25,699 - INFO -  | do_trim_silence: False
2026-04-10 11:49:25,699 - INFO -  | trim_db: 60
2026-04-10 11:49:25,699 - INFO -  | do_sound_norm: False
2026-04-10 11:49:25,699 - INFO -  | do_amp_to_db_linear: True
2026-04-10 11:49:25,699 - INFO -  | do_amp_to_db_mel: True
2026-04-10 11:49:25,699 - INFO -  | do_rms_norm: False
2026-04-10 11:49:25,699 - INFO -  | db_level: None
2026-04-10 11:49:25,699 - INFO -  | stats_path: None
2026-04-10 11:49:25,699 - INFO -  | base: 10
2026-04-10 11:49:25,699 - INFO -  | hop_length: 256
2026-04-10 11:49:25,699 - INFO -  | win_length: 1024
2026-04-10 11:49:25,716 - INFO - Initialization of speaker-embedding layers.
2026-04-10 11:49:26,349 - INFO - Text split into sentences.
2026-04-10 11:49:26,349 - INFO - Input: ['Good Morning SIR']
2026-04-10 11:49:27,213 - INFO - Processing time: 0.869
2026-04-10 11:49:27,213 - INFO - Real-time factor: 0.520
2026-04-10 11:49:29,244 - INFO - Speak: I am JARVIS. How can I help you?
2026-04-10 11:49:29,248 - INFO - Text split into sentences.
2026-04-10 11:49:29,248 - INFO - Input: ['I am JARVIS.', 'How can I help you?']
2026-04-10 11:49:30,594 - INFO - Processing time: 1.350
2026-04-10 11:49:30,595 - INFO - Real-time factor: 0.412
2026-04-10 11:49:41,013 - INFO - Speak: Thinking...
2026-04-10 11:49:41,013 - INFO - Text split into sentences.
2026-04-10 11:49:41,013 - INFO - Input: ['Thinking...']
2026-04-10 11:49:41,371 - INFO - Processing time: 0.358
2026-04-10 11:49:41,371 - INFO - Real-time factor: 0.359
2026-04-10 11:49:55,733 - INFO - JARVIS initialized
2026-04-10 11:49:55,733 - INFO - Speak: Good Morning SIR
2026-04-10 11:51:52,898 - INFO - JARVIS initialized
2026-04-10 11:51:52,898 - INFO - Speak: Good Morning SIR
2026-04-10 11:51:59,038 - INFO - tts_models/en/vctk/vits is already downloaded.
2026-04-10 11:51:59,055 - INFO - Using model: vits
2026-04-10 11:51:59,057 - INFO - Setting up Audio Processor...
2026-04-10 11:51:59,057 - INFO -  | sample_rate: 22050
2026-04-10 11:51:59,057 - INFO -  | resample: False
2026-04-10 11:51:59,057 - INFO -  | num_mels: 80
2026-04-10 11:51:59,057 - INFO -  | log_func: np.log10
2026-04-10 11:51:59,057 - INFO -  | min_level_db: 0
2026-04-10 11:51:59,057 - INFO -  | frame_shift_ms: None
2026-04-10 11:51:59,057 - INFO -  | frame_length_ms: None
2026-04-10 11:51:59,057 - INFO -  | ref_level_db: None
2026-04-10 11:51:59,057 - INFO -  | fft_size: 1024
2026-04-10 11:51:59,057 - INFO -  | power: None
2026-04-10 11:51:59,057 - INFO -  | preemphasis: 0.0
2026-04-10 11:51:59,057 - INFO -  | griffin_lim_iters: None
2026-04-10 11:51:59,057 - INFO -  | signal_norm: None
2026-04-10 11:51:59,057 - INFO -  | symmetric_norm: None
2026-04-10 11:51:59,057 - INFO -  | mel_fmin: 0
2026-04-10 11:51:59,057 - INFO -  | mel_fmax: None
2026-04-10 11:51:59,057 - INFO -  | pitch_fmin: None
2026-04-10 11:51:59,057 - INFO -  | pitch_fmax: None
2026-04-10 11:51:59,057 - INFO -  | spec_gain: 20.0
2026-04-10 11:51:59,057 - INFO -  | stft_pad_mode: reflect
2026-04-10 11:51:59,057 - INFO -  | max_norm: 1.0
2026-04-10 11:51:59,057 - INFO -  | clip_norm: True
2026-04-10 11:51:59,057 - INFO -  | do_trim_silence: False
2026-04-10 11:51:59,058 - INFO -  | trim_db: 60
2026-04-10 11:51:59,058 - INFO -  | do_sound_norm: False
2026-04-10 11:51:59,058 - INFO -  | do_amp_to_db_linear: True
2026-04-10 11:51:59,058 - INFO -  | do_amp_to_db_mel: True
2026-04-10 11:51:59,058 - INFO -  | do_rms_norm: False
2026-04-10 11:51:59,058 - INFO -  | db_level: None
2026-04-10 11:51:59,058 - INFO -  | stats_path: None
2026-04-10 11:51:59,058 - INFO -  | base: 10
2026-04-10 11:51:59,058 - INFO -  | hop_length: 256
2026-04-10 11:51:59,058 - INFO -  | win_length: 1024
2026-04-10 11:51:59,074 - INFO - Initialization of speaker-embedding layers.
2026-04-10 11:51:59,633 - INFO - Text split into sentences.
2026-04-10 11:51:59,633 - INFO - Input: ['Good Morning SIR']
2026-04-10 11:52:00,327 - INFO - Processing time: 0.699
2026-04-10 11:52:00,328 - INFO - Real-time factor: 0.433
2026-04-10 11:52:02,262 - INFO - Speak: I am JARVIS. How can I help you?
2026-04-10 11:52:02,266 - INFO - Text split into sentences.
2026-04-10 11:52:02,266 - INFO - Input: ['I am JARVIS.', 'How can I help you?']
2026-04-10 11:52:03,583 - INFO - Processing time: 1.320
2026-04-10 11:52:03,583 - INFO - Real-time factor: 0.444
2026-04-10 11:52:40,192 - INFO - Speak: Opening Google.
2026-04-10 11:52:40,194 - INFO - Text split into sentences.
2026-04-10 11:52:40,194 - INFO - Input: ['Opening Google.']
2026-04-10 11:52:41,427 - INFO - Processing time: 1.234
2026-04-10 11:52:41,427 - INFO - Real-time factor: 0.793
2026-04-10 11:52:47,141 - INFO - Speak: What should I write?
2026-04-10 11:52:47,142 - INFO - Text split into sentences.
2026-04-10 11:52:47,142 - INFO - Input: ['What should I write?']
2026-04-10 11:52:47,753 - INFO - Processing time: 0.612
2026-04-10 11:52:47,753 - INFO - Real-time factor: 0.390
2026-04-10 11:53:11,339 - INFO - JARVIS initialized
2026-04-10 11:53:11,339 - INFO - Speak: Good Morning SIR
2026-04-10 11:53:17,127 - INFO - tts_models/en/vctk/vits is already downloaded.
2026-04-10 11:53:17,138 - INFO - Using model: vits
2026-04-10 11:53:17,139 - INFO - Setting up Audio Processor...
2026-04-10 11:53:17,139 - INFO -  | sample_rate: 22050
2026-04-10 11:53:17,139 - INFO -  | resample: False
2026-04-10 11:53:17,140 - INFO -  | num_mels: 80
2026-04-10 11:53:17,140 - INFO -  | log_func: np.log10
2026-04-10 11:53:17,140 - INFO -  | min_level_db: 0
2026-04-10 11:53:17,140 - INFO -  | frame_shift_ms: None
2026-04-10 11:53:17,140 - INFO -  | frame_length_ms: None
2026-04-10 11:53:17,140 - INFO -  | ref_level_db: None
2026-04-10 11:53:17,140 - INFO -  | fft_size: 1024
2026-04-10 11:53:17,140 - INFO -  | power: None
2026-04-10 11:53:17,140 - INFO -  | preemphasis: 0.0
2026-04-10 11:53:17,140 - INFO -  | griffin_lim_iters: None
2026-04-10 11:53:17,140 - INFO -  | signal_norm: None
2026-04-10 11:53:17,140 - INFO -  | symmetric_norm: None
2026-04-10 11:53:17,140 - INFO -  | mel_fmin: 0
2026-04-10 11:53:17,140 - INFO -  | mel_fmax: None
2026-04-10 11:53:17,140 - INFO -  | pitch_fmin: None
2026-04-10 11:53:17,140 - INFO -  | pitch_fmax: None
2026-04-10 11:53:17,140 - INFO -  | spec_gain: 20.0
2026-04-10 11:53:17,140 - INFO -  | stft_pad_mode: reflect
2026-04-10 11:53:17,140 - INFO -  | max_norm: 1.0
2026-04-10 11:53:17,140 - INFO -  | clip_norm: True
2026-04-10 11:53:17,140 - INFO -  | do_trim_silence: False
2026-04-10 11:53:17,140 - INFO -  | trim_db: 60
2026-04-10 11:53:17,140 - INFO -  | do_sound_norm: False
2026-04-10 11:53:17,140 - INFO -  | do_amp_to_db_linear: True
2026-04-10 11:53:17,140 - INFO -  | do_amp_to_db_mel: True
2026-04-10 11:53:17,140 - INFO -  | do_rms_norm: False
2026-04-10 11:53:17,140 - INFO -  | db_level: None
2026-04-10 11:53:17,140 - INFO -  | stats_path: None
2026-04-10 11:53:17,140 - INFO -  | base: 10
2026-04-10 11:53:17,141 - INFO -  | hop_length: 256
2026-04-10 11:53:17,141 - INFO -  | win_length: 1024
2026-04-10 11:53:17,155 - INFO - Initialization of speaker-embedding layers.
2026-04-10 11:53:17,673 - INFO - Text split into sentences.
2026-04-10 11:53:17,673 - INFO - Input: ['Good Morning SIR']
2026-04-10 11:53:18,300 - INFO - Processing time: 0.632
2026-04-10 11:53:18,300 - INFO - Real-time factor: 0.412
2026-04-10 11:53:20,229 - INFO - Speak: I am JARVIS. How can I help you?
2026-04-10 11:53:20,232 - INFO - Text split into sentences.
2026-04-10 11:53:20,232 - INFO - Input: ['I am JARVIS.', 'How can I help you?']
2026-04-10 11:53:21,453 - INFO - Processing time: 1.223
2026-04-10 11:53:21,453 - INFO - Real-time factor: 0.390
2026-04-10 11:53:49,880 - INFO - Speak: Opening Google.
2026-04-10 11:53:49,881 - INFO - Text split into sentences.
2026-04-10 11:53:49,882 - INFO - Input: ['Opening Google.']
2026-04-10 11:53:52,309 - INFO - Processing time: 2.429
2026-04-10 11:53:52,310 - INFO - Real-time factor: 1.621
2026-04-10 11:54:08,406 - INFO - Speak: Thinking...
2026-04-10 11:54:08,407 - INFO - Text split into sentences.
2026-04-10 11:54:08,407 - INFO - Input: ['Thinking...']
2026-04-10 11:54:08,897 - INFO - Processing time: 0.491
2026-04-10 11:54:08,898 - INFO - Real-time factor: 0.431
2026-04-10 11:54:27,961 - INFO - Speak: It seems like you're looking for a way to start replying with just 'w'. A simple response could be: "Yes, I can write in only one letter. Here it is." if the context was about demonstrating linguistic capabilities or creating minimalist art forms such as concrete poetry where letters convey specific meanings beyond their phonetic representation.

---

## Instruction 2 (More Difficult with Added Constraints)
2026-04-10 11:54:27,968 - INFO - Text split into sentences.
2026-04-10 11:54:27,968 - INFO - Input: ["It seems like you're looking for a way to start replying with just 'w'.", 'A simple response could be: "Yes, I can write in only one letter. Here it is." if the context was about demonstrating linguistic capabilities or creating minimalist art forms such as concrete poetry where letters convey specific meanings beyond their phonetic representation.', '---', '## Instruction 2 (More Difficult with Added Constraints)']
2026-04-10 11:54:40,124 - INFO - Processing time: 12.162
2026-04-10 11:54:40,125 - INFO - Real-time factor: 0.514
2026-04-10 11:55:25,012 - INFO - Speak: Text copied to clipboard.
2026-04-10 11:55:25,016 - INFO - Text split into sentences.
2026-04-10 11:55:25,016 - INFO - Input: ['Text copied to clipboard.']
2026-04-10 11:55:25,778 - INFO - Processing time: 0.765
2026-04-10 11:55:25,778 - INFO - Real-time factor: 0.404
2026-04-10 11:55:36,269 - INFO - Speak: Thinking...
2026-04-10 11:55:36,270 - INFO - Text split into sentences.
2026-04-10 11:55:36,270 - INFO - Input: ['Thinking...']
2026-04-10 11:55:36,817 - INFO - Processing time: 0.547
2026-04-10 11:55:36,817 - INFO - Real-time factor: 0.374
2026-04-10 11:55:53,266 - INFO - Speak: I understand you'd like to confirm or respond in kind. If this is a statement of agreement, then my acknowledgment would be: "Right, I agree." However, if the intention was more along these lines and requires elaboration based on context not provided herein, please provide additional details so that an appropriate answer can be crafted for you.
2026-04-10 11:55:53,270 - INFO - Text split into sentences.
2026-04-10 11:55:53,270 - INFO - Input: ["I understand you'd like to confirm or respond in kind.", 'If this is a statement of agreement, then my acknowledgment would be: "Right, I agree."', 'However, if the intention was more along these lines and requires elaboration based on context not provided herein, please provide additional details so that an appropriate answer can be crafted for you.']
2026-04-10 11:56:02,464 - INFO - Processing time: 9.197
2026-04-10 11:56:02,464 - INFO - Real-time factor: 0.477
2026-04-10 11:56:42,661 - INFO - Speak: Thinking...
2026-04-10 11:56:42,662 - INFO - Text split into sentences.
2026-04-10 11:56:42,662 - INFO - Input: ['Thinking...']
2026-04-10 11:56:43,125 - INFO - Processing time: 0.463
2026-04-10 11:56:43,125 - INFO - Real-time factor: 0.411
2026-04-10 11:56:46,923 - INFO - Speak: Alright, stopping.
2026-04-10 11:56:46,924 - INFO - Text split into sentences.
2026-04-10 11:56:46,925 - INFO - Input: ['Alright, stopping.']
2026-04-10 11:56:48,408 - INFO - Processing time: 1.484
2026-04-10 11:56:48,408 - INFO - Real-time factor: 0.975
2026-04-10 11:56:50,184 - INFO - AI generation interrupted by user
2026-04-10 11:56:56,110 - INFO - Speak: Thinking...
2026-04-10 11:56:56,111 - INFO - Text split into sentences.
2026-04-10 11:56:56,111 - INFO - Input: ['Thinking...']
2026-04-10 11:56:57,269 - INFO - Processing time: 1.158
2026-04-10 11:56:57,269 - INFO - Real-time factor: 1.133
2026-04-10 11:57:00,986 - INFO - Speak: Alright, stopping.
2026-04-10 11:57:00,987 - INFO - Text split into sentences.
2026-04-10 11:57:00,987 - INFO - Input: ['Alright, stopping.']
2026-04-10 11:57:02,538 - INFO - Processing time: 1.552
2026-04-10 11:57:02,540 - INFO - Real-time factor: 1.044
2026-04-10 11:57:04,166 - INFO - AI generation interrupted by user
2026-04-10 11:57:41,550 - INFO - JARVIS initialized
2026-04-10 11:57:41,550 - INFO - Speak: Good Morning SIR
2026-04-10 11:57:49,149 - INFO - tts_models/en/vctk/vits is already downloaded.
2026-04-10 11:57:49,162 - INFO - Using model: vits
2026-04-10 11:57:49,163 - INFO - Setting up Audio Processor...
2026-04-10 11:57:49,163 - INFO -  | sample_rate: 22050
2026-04-10 11:57:49,163 - INFO -  | resample: False
2026-04-10 11:57:49,163 - INFO -  | num_mels: 80
2026-04-10 11:57:49,163 - INFO -  | log_func: np.log10
2026-04-10 11:57:49,163 - INFO -  | min_level_db: 0
2026-04-10 11:57:49,163 - INFO -  | frame_shift_ms: None
2026-04-10 11:57:49,163 - INFO -  | frame_length_ms: None
2026-04-10 11:57:49,163 - INFO -  | ref_level_db: None
2026-04-10 11:57:49,163 - INFO -  | fft_size: 1024
2026-04-10 11:57:49,163 - INFO -  | power: None
2026-04-10 11:57:49,163 - INFO -  | preemphasis: 0.0
2026-04-10 11:57:49,163 - INFO -  | griffin_lim_iters: None
2026-04-10 11:57:49,163 - INFO -  | signal_norm: None
2026-04-10 11:57:49,164 - INFO -  | symmetric_norm: None
2026-04-10 11:57:49,164 - INFO -  | mel_fmin: 0
2026-04-10 11:57:49,164 - INFO -  | mel_fmax: None
2026-04-10 11:57:49,164 - INFO -  | pitch_fmin: None
2026-04-10 11:57:49,164 - INFO -  | pitch_fmax: None
2026-04-10 11:57:49,164 - INFO -  | spec_gain: 20.0
2026-04-10 11:57:49,164 - INFO -  | stft_pad_mode: reflect
2026-04-10 11:57:49,164 - INFO -  | max_norm: 1.0
2026-04-10 11:57:49,164 - INFO -  | clip_norm: True
2026-04-10 11:57:49,164 - INFO -  | do_trim_silence: False
2026-04-10 11:57:49,164 - INFO -  | trim_db: 60
2026-04-10 11:57:49,164 - INFO -  | do_sound_norm: False
2026-04-10 11:57:49,164 - INFO -  | do_amp_to_db_linear: True
2026-04-10 11:57:49,164 - INFO -  | do_amp_to_db_mel: True
2026-04-10 11:57:49,164 - INFO -  | do_rms_norm: False
2026-04-10 11:57:49,164 - INFO -  | db_level: None
2026-04-10 11:57:49,164 - INFO -  | stats_path: None
2026-04-10 11:57:49,164 - INFO -  | base: 10
2026-04-10 11:57:49,164 - INFO -  | hop_length: 256
2026-04-10 11:57:49,164 - INFO -  | win_length: 1024
2026-04-10 11:57:49,179 - INFO - Initialization of speaker-embedding layers.
2026-04-10 11:57:49,910 - INFO - Text split into sentences.
2026-04-10 11:57:49,910 - INFO - Input: ['Good Morning SIR']
2026-04-10 11:57:50,634 - INFO - Processing time: 0.730
2026-04-10 11:57:50,635 - INFO - Real-time factor: 0.449
2026-04-10 11:57:52,683 - INFO - Speak: I am JARVIS. How can I help you?
2026-04-10 11:57:52,689 - INFO - Text split into sentences.
2026-04-10 11:57:52,689 - INFO - Input: ['I am JARVIS.', 'How can I help you?']
2026-04-10 11:57:54,350 - INFO - Processing time: 1.666
2026-04-10 11:57:54,350 - INFO - Real-time factor: 0.495
2026-04-10 11:58:27,990 - INFO - JARVIS initialized
2026-04-10 11:58:27,990 - INFO - Speak: Jarvis is online, How's your day?
2026-04-10 11:58:33,795 - INFO - tts_models/en/vctk/vits is already downloaded.
2026-04-10 11:58:33,817 - INFO - Using model: vits
2026-04-10 11:58:33,818 - INFO - Setting up Audio Processor...
2026-04-10 11:58:33,819 - INFO -  | sample_rate: 22050
2026-04-10 11:58:33,819 - INFO -  | resample: False
2026-04-10 11:58:33,819 - INFO -  | num_mels: 80
2026-04-10 11:58:33,819 - INFO -  | log_func: np.log10
2026-04-10 11:58:33,819 - INFO -  | min_level_db: 0
2026-04-10 11:58:33,819 - INFO -  | frame_shift_ms: None
2026-04-10 11:58:33,819 - INFO -  | frame_length_ms: None
2026-04-10 11:58:33,819 - INFO -  | ref_level_db: None
2026-04-10 11:58:33,819 - INFO -  | fft_size: 1024
2026-04-10 11:58:33,819 - INFO -  | power: None
2026-04-10 11:58:33,819 - INFO -  | preemphasis: 0.0
2026-04-10 11:58:33,819 - INFO -  | griffin_lim_iters: None
2026-04-10 11:58:33,819 - INFO -  | signal_norm: None
2026-04-10 11:58:33,819 - INFO -  | symmetric_norm: None
2026-04-10 11:58:33,819 - INFO -  | mel_fmin: 0
2026-04-10 11:58:33,819 - INFO -  | mel_fmax: None
2026-04-10 11:58:33,819 - INFO -  | pitch_fmin: None
2026-04-10 11:58:33,819 - INFO -  | pitch_fmax: None
2026-04-10 11:58:33,819 - INFO -  | spec_gain: 20.0
2026-04-10 11:58:33,819 - INFO -  | stft_pad_mode: reflect
2026-04-10 11:58:33,819 - INFO -  | max_norm: 1.0
2026-04-10 11:58:33,819 - INFO -  | clip_norm: True
2026-04-10 11:58:33,819 - INFO -  | do_trim_silence: False
2026-04-10 11:58:33,819 - INFO -  | trim_db: 60
2026-04-10 11:58:33,819 - INFO -  | do_sound_norm: False
2026-04-10 11:58:33,819 - INFO -  | do_amp_to_db_linear: True
2026-04-10 11:58:33,819 - INFO -  | do_amp_to_db_mel: True
2026-04-10 11:58:33,819 - INFO -  | do_rms_norm: False
2026-04-10 11:58:33,819 - INFO -  | db_level: None
2026-04-10 11:58:33,820 - INFO -  | stats_path: None
2026-04-10 11:58:33,820 - INFO -  | base: 10
2026-04-10 11:58:33,820 - INFO -  | hop_length: 256
2026-04-10 11:58:33,820 - INFO -  | win_length: 1024
2026-04-10 11:58:33,833 - INFO - Initialization of speaker-embedding layers.
2026-04-10 11:58:34,285 - INFO - Text split into sentences.
2026-04-10 11:58:34,285 - INFO - Input: ["Jarvis is online, How's your day?"]
2026-04-10 11:58:35,293 - INFO - Processing time: 1.015
2026-04-10 11:58:35,293 - INFO - Real-time factor: 0.424
2026-04-10 11:58:37,885 - INFO - Speak: I am JARVIS. How can I help you?
2026-04-10 11:58:37,886 - INFO - Text split into sentences.
2026-04-10 11:58:37,886 - INFO - Input: ['I am JARVIS.', 'How can I help you?']
2026-04-10 11:58:39,101 - INFO - Processing time: 1.216
2026-04-10 11:58:39,101 - INFO - Real-time factor: 0.388
2026-04-10 11:58:49,638 - INFO - Speak: Thinking...
2026-04-10 11:58:49,639 - INFO - Text split into sentences.
2026-04-10 11:58:49,639 - INFO - Input: ['Thinking...']
2026-04-10 11:58:49,998 - INFO - Processing time: 0.360
2026-04-10 11:58:49,998 - INFO - Real-time factor: 0.369
2026-04-10 11:59:21,121 - ERROR - AI Worker Error: HTTPConnectionPool(host='localhost', port=11434): Read timed out. (read timeout=30)
2026-04-10 11:59:22,495 - INFO - Speak: I'm sorry, I couldn't get an answer from my AI brain.
2026-04-10 11:59:22,496 - INFO - Text split into sentences.
2026-04-10 11:59:22,496 - INFO - Input: ["I'm sorry, I couldn't get an answer from my AI brain."]
2026-04-10 11:59:24,451 - INFO - Processing time: 1.956
2026-04-10 11:59:24,452 - INFO - Real-time factor: 0.465
2026-04-10 11:59:51,766 - INFO - Speak: Thinking...
2026-04-10 11:59:51,766 - INFO - Text split into sentences.
2026-04-10 11:59:51,766 - INFO - Input: ['Thinking...']
2026-04-10 11:59:52,305 - INFO - Processing time: 0.539
2026-04-10 11:59:52,305 - INFO - Real-time factor: 0.386
2026-04-10 11:59:56,327 - INFO - Speak: Alright, stopping.
2026-04-10 11:59:56,329 - INFO - Text split into sentences.
2026-04-10 11:59:56,329 - INFO - Input: ['Alright, stopping.']
2026-04-10 11:59:57,943 - INFO - Processing time: 1.615
2026-04-10 11:59:57,943 - INFO - Real-time factor: 1.061
2026-04-10 11:59:59,713 - INFO - AI generation interrupted by user
